{
  "main.dart": {
    "name": "<unnamed>",
    "imports": {
      "1": [
        "out_module3.wasm"
      ],
      "2": [
        "out_module1.wasm",
        "out_module2.wasm"
      ]
    },
    "importPrefixToLoadId": {
      "a": "1",
      "b": "2"
    }
  },
  "a.dart": {
    "name": "<unnamed>",
    "imports": {
      "3": [
        "out_module1.wasm",
        "out_module2.wasm"
      ],
      "4": [
        "out_module2.wasm",
        "out_module4.wasm"
      ]
    },
    "importPrefixToLoadId": {
      "b": "3",
      "c": "4"
    }
  }
}